// Jest Snapshot v1, https://goo.gl/fbAQLP

exports[`PinoLoggerFactory must build pino with custom options 1`] = `
{
  "level": "info",
  "msg": "hello",
  "time": "2016-04-05T17:02:19.796Z",
}
`;

exports[`PinoLoggerFactory must build pino with default options 1`] = `
{
  "env": "test",
  "hostname": "host",
  "level": "info",
  "msg": "hello",
  "msgTemplateHash": "248bfa47",
  "name": "name",
  "pid": 123456,
  "time": "2016-04-05T17:02:19.796Z",
  "version": "version",
}
`;
